(64, 48)
false
true
true
8.000000
4.000000
true
true
true
true
font(10)
true
camera2D(offset (32, 24), target (0, 0), rotation 0, zoom 2)
(4, 6)
1.000000
true
false
true
true
0.000000
false
true
true
true
true
true
true
false
true
(240, 180)
true
started
true
true
false
true
texture(0x0)
false
true
closed
