(32, 24)
true
mesh(24 vertices, 12 triangles)
24.000000
12.000000
true
true
true
8.000000
true
true
true
model(1 meshes, 1 materials)
1.000000
1.000000
true
24.000000
24.000000
false
true
false
true
false
true
renderTexture(32x24)
32.000000
24.000000
true
false
true
false
true
false
true
false
true
false
true
started
true
true
true
false
true
true
true
true
32.000000
24.000000
rgba(0, 82, 172, 255)
false
true
model(0 meshes, 0 materials)
renderTexture(0x0)
closed
mesh(0 vertices, 0 triangles)
model(0 meshes, 0 materials)
